current directory: /Users/runner/work/mkalia94.github.io/mkalia94.github.io/vendor/bundle/ruby/3.3.0/gems/date-3.4.1/ext/date
/Users/runner/hostedtoolcache/Ruby/3.3.9/arm64/bin/ruby extconf.rb
checking for rb_category_warn()... yes
checking for timezone in time.h with  -Werror... yes
checking for altzone in time.h with  -Werror... no
creating Makefile

current directory: /Users/runner/work/mkalia94.github.io/mkalia94.github.io/vendor/bundle/ruby/3.3.0/gems/date-3.4.1/ext/date
make DESTDIR\= sitearchdir\=./.gem.20250820-1144-jjnk3u sitelibdir\=./.gem.20250820-1144-jjnk3u clean

current directory: /Users/runner/work/mkalia94.github.io/mkalia94.github.io/vendor/bundle/ruby/3.3.0/gems/date-3.4.1/ext/date
make DESTDIR\= sitearchdir\=./.gem.20250820-1144-jjnk3u sitelibdir\=./.gem.20250820-1144-jjnk3u
compiling date_core.c
compiling date_parse.c
compiling date_strftime.c
compiling date_strptime.c
linking shared-object date_core.bundle

current directory: /Users/runner/work/mkalia94.github.io/mkalia94.github.io/vendor/bundle/ruby/3.3.0/gems/date-3.4.1/ext/date
make DESTDIR\= sitearchdir\=./.gem.20250820-1144-jjnk3u sitelibdir\=./.gem.20250820-1144-jjnk3u install
/usr/bin/install -c -m 0755 date_core.bundle ./.gem.20250820-1144-jjnk3u

current directory: /Users/runner/work/mkalia94.github.io/mkalia94.github.io/vendor/bundle/ruby/3.3.0/gems/date-3.4.1/ext/date
make DESTDIR\= sitearchdir\=./.gem.20250820-1144-jjnk3u sitelibdir\=./.gem.20250820-1144-jjnk3u clean
