current directory: /Users/runner/work/mkalia94.github.io/mkalia94.github.io/vendor/bundle/ruby/3.3.0/gems/json-2.13.2/ext/json/ext/parser
/Users/runner/hostedtoolcache/Ruby/3.3.9/arm64/bin/ruby extconf.rb
checking for rb_enc_interned_str() in ruby/encoding.h... yes
checking for rb_hash_new_capa() in ruby.h... yes
checking for rb_hash_bulk_insert() in ruby.h... yes
checking for strnlen() in string.h... yes
checking for whether -std=c99 is accepted as CFLAGS... yes
checking for arm_neon.h... yes
checking for cpuid.h... no
creating Makefile

current directory: /Users/runner/work/mkalia94.github.io/mkalia94.github.io/vendor/bundle/ruby/3.3.0/gems/json-2.13.2/ext/json/ext/parser
make DESTDIR\= sitearchdir\=./.gem.20250820-1144-8ge28e sitelibdir\=./.gem.20250820-1144-8ge28e clean

current directory: /Users/runner/work/mkalia94.github.io/mkalia94.github.io/vendor/bundle/ruby/3.3.0/gems/json-2.13.2/ext/json/ext/parser
make DESTDIR\= sitearchdir\=./.gem.20250820-1144-8ge28e sitelibdir\=./.gem.20250820-1144-8ge28e
compiling parser.c
linking shared-object json/ext/parser.bundle

current directory: /Users/runner/work/mkalia94.github.io/mkalia94.github.io/vendor/bundle/ruby/3.3.0/gems/json-2.13.2/ext/json/ext/parser
make DESTDIR\= sitearchdir\=./.gem.20250820-1144-8ge28e sitelibdir\=./.gem.20250820-1144-8ge28e install
/usr/bin/install -c -m 0755 parser.bundle ./.gem.20250820-1144-8ge28e/json/ext

current directory: /Users/runner/work/mkalia94.github.io/mkalia94.github.io/vendor/bundle/ruby/3.3.0/gems/json-2.13.2/ext/json/ext/parser
make DESTDIR\= sitearchdir\=./.gem.20250820-1144-8ge28e sitelibdir\=./.gem.20250820-1144-8ge28e clean
